memory_detailed/memory_used_percent status=1 memory_used_percent: WARNING 88.00% | memory_used_percent=88.00%;85;95;0;100
system_health/cpu_usage_total status=3 No metrics found for channel: cpu_usage_total | 
system_health/memory_used_percent status=1 WARNING: memory_used_percent 88.00% (aggregated from 1 metrics) | memory_used_percent=88.00%;85;95;0;100
