network_detailed/bytes_received status=0 bytes_received: OK 76.50B/s | bytes_received=76.50B/s;100000000;500000000;;
network_detailed/bytes_sent status=0 bytes_sent: OK 65.00B/s | bytes_sent=65.00B/s;100000000;500000000;;
network_detailed/errors_received status=0 errors_received: OK 42.00err/s | errors_received=42.00err/s;100;1000;;
network_detailed/errors_sent status=1 errors_sent: WARNING 111.00err/s | errors_sent=111.00err/s;100;1000;;
network_detailed/packets_received status=0 packets_received: OK 99.50pkt/s | packets_received=99.50pkt/s;1000000;5000000;;
network_detailed/packets_sent status=0 packets_sent: OK 88.00pkt/s | packets_sent=88.00pkt/s;1000000;5000000;;
network_health/bytes_received status=0 bytes_received: OK 76.50B/s | bytes_received=76.50B/s;1000000000;2000000000;;
network_health/bytes_sent status=0 bytes_sent: OK 65.00B/s | bytes_sent=65.00B/s;1000000000;2000000000;;
network_health/errors_received status=1 errors_received: WARNING 42.00err/s | errors_received=42.00err/s;10;100;;
network_health/errors_sent status=2 errors_sent: CRITICAL 111.00err/s | errors_sent=111.00err/s;10;100;;
system_health/cpu_usage_total status=3 No metrics found for channel: cpu_usage_total | 
system_health/memory_used_percent status=3 No metrics found for channel: memory_used_percent | 
