[
  "cpu_core_irq",
  "cpu_core_softirq",
  "cpu_core_system",
  "cpu_core_usage",
  "cpu_core_user",
  "cpu_dpc_queued",
  "cpu_dpc_rate",
  "cpu_idle",
  "cpu_interrupts",
  "cpu_iowait",
  "cpu_irq",
  "cpu_load1",
  "cpu_load15",
  "cpu_load5",
  "cpu_nice",
  "cpu_processes_total",
  "cpu_queue_length",
  "cpu_softirq",
  "cpu_steal",
  "cpu_system",
  "cpu_usage_total",
  "cpu_user"
]
